
harum@LAPTOP-LNP70TPU MINGW64 ~/DH WEB FULL STAC
deJS.git
Cloning into 'pruebaNodeJS'...
warning: You appear to have cloned an empty repository.itory.

harum@LAPTOP-LNP70TPU MINGW64 ~/DH WEB FULL STACK      
$ git init //////// crea uhn nuevo repositorio VACIO //////
Initialized empty Git repository in C:/Users/harum/DH WEB FULL STACK/.git/

harum@LAPTOP-LNP70TPU MINGW64 ~/DH WEB FULL STACK (master)
$ ls -a   ////// Lista archivos ocultos y demás de la carpeta en la que estamos parados.///////////// 
 ./            'Clase 6'/
 ../            Curso_Digital_House_Clase2/      
 .git/          archivo.txt
 Calculadora/   pruebaNodeJS/

harum@LAPTOP-LNP70TPU MINGW64 ~/DH WEB FULL STACK (master)
$ git config user.name "h-amarillo"   ///////// indicamos el nombre de usuario registrado en GitHub.

harum@LAPTOP-LNP70TPU MINGW64 ~/DH WEB FULL STACK (master)
$ git config user.email "harumicamarillo@gmail.com"  ////////// Configuramos el correo electronico relacionado con el nombre de usuario.

harum@LAPTOP-LNP70TPU MINGW64 ~/DH WEB FULL STACK (master)
$ git config --global user.email "harumicamarillo@gmail.com"   ///////Indicamos que esta config con ese correo será pa todos los archivos de esta computadora

///////
{
    harum@LAPTOP-LNP70TPU MINGW64 ~/DH WEB FULL STACK (master)
$ echo "# pruebaNodeJS" >> README.md  

harum@LAPTOP-LNP70TPU MINGW64 ~/DH WEB FULL STACK (master)
$ git init
Reinitialized existing Git repository in C:/Users/harum/DH WEB FULL STACK/.git/

harum@LAPTOP-LNP70TPU MINGW64 ~/DH WEB FULL STACK (master)
$ git add README.md
warning: LF will be replaced by CRLF in README.md.
The file will have its original line endings in your working directory

harum@LAPTOP-LNP70TPU MINGW64 ~/DH WEB FULL STACK (master)
$ git commit -m "first commit"
[master (root-commit) 989a344] first commit
 1 file changed, 1 insertion(+)
 create mode 100644 README.md

harum@LAPTOP-LNP70TPU MINGW64 ~/DH WEB FULL STACK (master)
$ git branch -M main

harum@LAPTOP-LNP70TPU MINGW64 ~/DH WEB FULL STACK (main)
$ git remote add origin https://github.com/h-amarillo/pruebaNodeJS.git
}
//////// pequeño error al ejecutar paso del video pero si salio -por?********


harum@LAPTOP-LNP70TPU MINGW64 ~/DH WEB FULL STACK (main)
$ git remote add origin https://github.com/h-amarillo/pruebaNodeJS.git  ////// indica al repositorio local con qué repositorio remoto deberá sincronizarse.
///// colocando al ginal del origin la Url ÚNICA del repositorio remoto, el cual contiene e nombre de usuario y el nombre dado al repositorio al ser creado previamente. 
error: remote origin already exists.

harum@LAPTOP-LNP70TPU MINGW64 ~/DH WEB FULL STACK (main)
$ git remote -v    ///// Verifica que se haya dado la sincronizacion. ¿que significan fetch ?
origin  https://github.com/h-amarillo/pruebaNodeJS.git (fetch)
origin  https://github.com/h-amarillo/pruebaNodeJS.git (push)

harum@LAPTOP-LNP70TPU MINGW64 ~/DH WEB FULL STACK (main)
$
´reuba del commit pa sincornixzar